Startpoint: memory/_1103_ (rising edge-triggered flip-flop clocked by clk)
Endpoint: memory/_1103_ (rising edge-triggered flip-flop clocked by clk)
Path Group: clk
Path Type: min

  Delay    Time   Description
---------------------------------------------------------
   0.00    0.00   clock clk (rise edge)
   0.00    0.00   clock network delay (ideal)
   0.00    0.00 ^ memory/_1103_/CK (DFF_X1)
   0.10    0.10 v memory/_1103_/Q (DFF_X1)
   0.01    0.11 ^ memory/_0715_/ZN (INV_X1)
   0.01    0.12 v memory/_1021_/ZN (OAI22_X1)
   0.00    0.12 v memory/_1103_/D (DFF_X1)
           0.12   data arrival time

   0.00    0.00   clock clk (rise edge)
   0.00    0.00   clock network delay (ideal)
   0.00    0.00   clock reconvergence pessimism
           0.00 ^ memory/_1103_/CK (DFF_X1)
   0.01    0.01   library hold time
           0.01   data required time
---------------------------------------------------------
           0.01   data required time
          -0.12   data arrival time
---------------------------------------------------------
           0.11   slack (MET)


