Startpoint: wr_en (input port clocked by clk)
Endpoint: memory/_1040_ (rising edge-triggered flip-flop clocked by clk)
Path Group: clk
Path Type: max

  Delay    Time   Description
---------------------------------------------------------
   0.00    0.00   clock clk (rise edge)
   0.00    0.00   clock network delay (ideal)
   2.00    2.00 ^ input external delay
   0.00    2.00 ^ wr_en (in)
   0.00    2.00 v controller/_41_/ZN (INV_X1)
   0.15    2.15 ^ controller/_50_/ZN (AOI21_X1)
   0.02    2.17 v memory/_0701_/ZN (INV_X1)
   0.09    2.26 ^ memory/_0842_/ZN (AOI211_X1)
   0.07    2.33 ^ memory/_0843_/ZN (OR4_X1)
   0.04    2.37 v memory/_0844_/ZN (NAND2_X1)
   0.05    2.42 ^ memory/_0851_/ZN (OAI22_X1)
   0.00    2.42 ^ memory/_1040_/D (DFF_X1)
           2.42   data arrival time

  10.00   10.00   clock clk (rise edge)
   0.00   10.00   clock network delay (ideal)
   0.00   10.00   clock reconvergence pessimism
          10.00 ^ memory/_1040_/CK (DFF_X1)
  -0.04    9.96   library setup time
           9.96   data required time
---------------------------------------------------------
           9.96   data required time
          -2.42   data arrival time
---------------------------------------------------------
           7.54   slack (MET)


